Traceback (most recent call last):
  File "/work/mh0033/m301036/OBS_LPS_revision/script/FIG3/Single_LE_OBSLPS_partition/LE_members_GSAT_OLS_anoms_partition.py", line 237, in <module>
    main()
  File "/work/mh0033/m301036/OBS_LPS_revision/script/FIG3/Single_LE_OBSLPS_partition/LE_members_GSAT_OLS_anoms_partition.py", line 230, in main
    process_model(model)
  File "/work/mh0033/m301036/OBS_LPS_revision/script/FIG3/Single_LE_OBSLPS_partition/LE_members_GSAT_OLS_anoms_partition.py", line 170, in process_model
    forced_all = xr.concat(
  File "/home/m/m301036/.conda/envs/mykernel/lib/python3.9/site-packages/xarray/core/concat.py", line 236, in concat
    return _dataarray_concat(
  File "/home/m/m301036/.conda/envs/mykernel/lib/python3.9/site-packages/xarray/core/concat.py", line 646, in _dataarray_concat
    raise ValueError(
ValueError: data_vars is not a valid argument when concatenating DataArray objects
Traceback (most recent call last):
  File "/work/mh0033/m301036/OBS_LPS_revision/script/FIG3/Single_LE_OBSLPS_partition/LE_members_GSAT_OLS_anoms_partition.py", line 237, in <module>
    main()
  File "/work/mh0033/m301036/OBS_LPS_revision/script/FIG3/Single_LE_OBSLPS_partition/LE_members_GSAT_OLS_anoms_partition.py", line 230, in main
    process_model(model)
  File "/work/mh0033/m301036/OBS_LPS_revision/script/FIG3/Single_LE_OBSLPS_partition/LE_members_GSAT_OLS_anoms_partition.py", line 170, in process_model
    forced_all = xr.concat(
  File "/home/m/m301036/.conda/envs/mykernel/lib/python3.9/site-packages/xarray/core/concat.py", line 236, in concat
    return _dataarray_concat(
  File "/home/m/m301036/.conda/envs/mykernel/lib/python3.9/site-packages/xarray/core/concat.py", line 646, in _dataarray_concat
    raise ValueError(
ValueError: data_vars is not a valid argument when concatenating DataArray objects
Traceback (most recent call last):
  File "/work/mh0033/m301036/OBS_LPS_revision/script/FIG3/Single_LE_OBSLPS_partition/LE_members_GSAT_OLS_anoms_partition.py", line 237, in <module>
    main()
  File "/work/mh0033/m301036/OBS_LPS_revision/script/FIG3/Single_LE_OBSLPS_partition/LE_members_GSAT_OLS_anoms_partition.py", line 230, in main
    process_model(model)
  File "/work/mh0033/m301036/OBS_LPS_revision/script/FIG3/Single_LE_OBSLPS_partition/LE_members_GSAT_OLS_anoms_partition.py", line 170, in process_model
    forced_all = xr.concat(
  File "/home/m/m301036/.conda/envs/mykernel/lib/python3.9/site-packages/xarray/core/concat.py", line 236, in concat
    return _dataarray_concat(
  File "/home/m/m301036/.conda/envs/mykernel/lib/python3.9/site-packages/xarray/core/concat.py", line 646, in _dataarray_concat
    raise ValueError(
ValueError: data_vars is not a valid argument when concatenating DataArray objects
Traceback (most recent call last):
  File "/work/mh0033/m301036/OBS_LPS_revision/script/FIG3/Single_LE_OBSLPS_partition/LE_members_GSAT_OLS_anoms_partition.py", line 237, in <module>
    main()
  File "/work/mh0033/m301036/OBS_LPS_revision/script/FIG3/Single_LE_OBSLPS_partition/LE_members_GSAT_OLS_anoms_partition.py", line 230, in main
    process_model(model)
  File "/work/mh0033/m301036/OBS_LPS_revision/script/FIG3/Single_LE_OBSLPS_partition/LE_members_GSAT_OLS_anoms_partition.py", line 170, in process_model
    forced_all = xr.concat(
  File "/home/m/m301036/.conda/envs/mykernel/lib/python3.9/site-packages/xarray/core/concat.py", line 236, in concat
    return _dataarray_concat(
  File "/home/m/m301036/.conda/envs/mykernel/lib/python3.9/site-packages/xarray/core/concat.py", line 646, in _dataarray_concat
    raise ValueError(
ValueError: data_vars is not a valid argument when concatenating DataArray objects
Traceback (most recent call last):
  File "/work/mh0033/m301036/OBS_LPS_revision/script/FIG3/Single_LE_OBSLPS_partition/LE_members_GSAT_OLS_anoms_partition.py", line 237, in <module>
    main()
  File "/work/mh0033/m301036/OBS_LPS_revision/script/FIG3/Single_LE_OBSLPS_partition/LE_members_GSAT_OLS_anoms_partition.py", line 230, in main
    process_model(model)
  File "/work/mh0033/m301036/OBS_LPS_revision/script/FIG3/Single_LE_OBSLPS_partition/LE_members_GSAT_OLS_anoms_partition.py", line 170, in process_model
    forced_all = xr.concat(
  File "/home/m/m301036/.conda/envs/mykernel/lib/python3.9/site-packages/xarray/core/concat.py", line 236, in concat
    return _dataarray_concat(
  File "/home/m/m301036/.conda/envs/mykernel/lib/python3.9/site-packages/xarray/core/concat.py", line 646, in _dataarray_concat
    raise ValueError(
ValueError: data_vars is not a valid argument when concatenating DataArray objects
Traceback (most recent call last):
  File "/work/mh0033/m301036/OBS_LPS_revision/script/FIG3/Single_LE_OBSLPS_partition/LE_members_GSAT_OLS_anoms_partition.py", line 237, in <module>
    main()
  File "/work/mh0033/m301036/OBS_LPS_revision/script/FIG3/Single_LE_OBSLPS_partition/LE_members_GSAT_OLS_anoms_partition.py", line 230, in main
    process_model(model)
  File "/work/mh0033/m301036/OBS_LPS_revision/script/FIG3/Single_LE_OBSLPS_partition/LE_members_GSAT_OLS_anoms_partition.py", line 170, in process_model
    forced_all = xr.concat(
  File "/home/m/m301036/.conda/envs/mykernel/lib/python3.9/site-packages/xarray/core/concat.py", line 236, in concat
    return _dataarray_concat(
  File "/home/m/m301036/.conda/envs/mykernel/lib/python3.9/site-packages/xarray/core/concat.py", line 646, in _dataarray_concat
    raise ValueError(
ValueError: data_vars is not a valid argument when concatenating DataArray objects
Traceback (most recent call last):
  File "/work/mh0033/m301036/OBS_LPS_revision/script/FIG3/Single_LE_OBSLPS_partition/LE_members_GSAT_OLS_anoms_partition.py", line 237, in <module>
    main()
  File "/work/mh0033/m301036/OBS_LPS_revision/script/FIG3/Single_LE_OBSLPS_partition/LE_members_GSAT_OLS_anoms_partition.py", line 230, in main
    process_model(model)
  File "/work/mh0033/m301036/OBS_LPS_revision/script/FIG3/Single_LE_OBSLPS_partition/LE_members_GSAT_OLS_anoms_partition.py", line 170, in process_model
    forced_all = xr.concat(
  File "/home/m/m301036/.conda/envs/mykernel/lib/python3.9/site-packages/xarray/core/concat.py", line 236, in concat
    return _dataarray_concat(
  File "/home/m/m301036/.conda/envs/mykernel/lib/python3.9/site-packages/xarray/core/concat.py", line 646, in _dataarray_concat
    raise ValueError(
ValueError: data_vars is not a valid argument when concatenating DataArray objects
