Traceback (most recent call last):
  File "/home/m/m301036/.conda/envs/mykernel/lib/python3.9/site-packages/xarray/core/dataarray.py", line 816, in _getitem_coord
Traceback (most recent call last):
  File "/home/m/m301036/.conda/envs/mykernel/lib/python3.9/site-packages/xarray/core/dataarray.py", line 816, in _getitem_coord
Traceback (most recent call last):
  File "/home/m/m301036/.conda/envs/mykernel/lib/python3.9/site-packages/xarray/core/dataarray.py", line 816, in _getitem_coord
Traceback (most recent call last):
  File "/home/m/m301036/.conda/envs/mykernel/lib/python3.9/site-packages/xarray/core/dataarray.py", line 816, in _getitem_coord
Traceback (most recent call last):
  File "/home/m/m301036/.conda/envs/mykernel/lib/python3.9/site-packages/xarray/core/dataarray.py", line 816, in _getitem_coord
Traceback (most recent call last):
Traceback (most recent call last):
  File "/home/m/m301036/.conda/envs/mykernel/lib/python3.9/site-packages/xarray/core/dataarray.py", line 816, in _getitem_coord
Traceback (most recent call last):
  File "/home/m/m301036/.conda/envs/mykernel/lib/python3.9/site-packages/xarray/core/dataarray.py", line 816, in _getitem_coord
Traceback (most recent call last):
Traceback (most recent call last):
  File "/home/m/m301036/.conda/envs/mykernel/lib/python3.9/site-packages/xarray/core/dataarray.py", line 816, in _getitem_coord
  File "/home/m/m301036/.conda/envs/mykernel/lib/python3.9/site-packages/xarray/core/dataarray.py", line 816, in _getitem_coord
Traceback (most recent call last):
  File "/home/m/m301036/.conda/envs/mykernel/lib/python3.9/site-packages/xarray/core/dataarray.py", line 816, in _getitem_coord
Traceback (most recent call last):
  File "/home/m/m301036/.conda/envs/mykernel/lib/python3.9/site-packages/xarray/core/dataarray.py", line 816, in _getitem_coord
  File "/work/mh0033/m301036/OBS_LPS_revision/script/FIG3/SMILE_ICV_std_cal/LE_SMILE_internal_noise_MPI.py", line 344, in <module>
Traceback (most recent call last):
  File "/home/m/m301036/.conda/envs/mykernel/lib/python3.9/site-packages/xarray/core/dataarray.py", line 816, in _getitem_coord
Traceback (most recent call last):
  File "/home/m/m301036/.conda/envs/mykernel/lib/python3.9/site-packages/xarray/core/dataarray.py", line 816, in _getitem_coord
Traceback (most recent call last):
  File "/home/m/m301036/.conda/envs/mykernel/lib/python3.9/site-packages/xarray/core/dataarray.py", line 816, in _getitem_coord
Traceback (most recent call last):
  File "/home/m/m301036/.conda/envs/mykernel/lib/python3.9/site-packages/xarray/core/dataarray.py", line 816, in _getitem_coord
Traceback (most recent call last):
  File "/home/m/m301036/.conda/envs/mykernel/lib/python3.9/site-packages/xarray/core/dataarray.py", line 816, in _getitem_coord
Traceback (most recent call last):
  File "/home/m/m301036/.conda/envs/mykernel/lib/python3.9/site-packages/xarray/core/dataarray.py", line 816, in _getitem_coord
Traceback (most recent call last):
  File "/home/m/m301036/.conda/envs/mykernel/lib/python3.9/site-packages/xarray/core/dataarray.py", line 816, in _getitem_coord
Traceback (most recent call last):
  File "/home/m/m301036/.conda/envs/mykernel/lib/python3.9/site-packages/xarray/core/dataarray.py", line 816, in _getitem_coord
    f"run={tas_resid.sizes['run']}, "
  File "/home/m/m301036/.conda/envs/mykernel/lib/python3.9/site-packages/xarray/core/utils.py", line 453, in __getitem__
    var = self._coords[key]
KeyError: 'run'

During handling of the above exception, another exception occurred:

Traceback (most recent call last):
  File "/work/mh0033/m301036/OBS_LPS_revision/script/FIG3/SMILE_ICV_std_cal/LE_SMILE_internal_noise_MPI.py", line 351, in <module>
    var = self._coords[key]
KeyError: 'run'

During handling of the above exception, another exception occurred:

Traceback (most recent call last):
  File "/work/mh0033/m301036/OBS_LPS_revision/script/FIG3/SMILE_ICV_std_cal/LE_SMILE_internal_noise_MPI.py", line 351, in <module>
    var = self._coords[key]
KeyError: 'run'

During handling of the above exception, another exception occurred:

Traceback (most recent call last):
  File "/work/mh0033/m301036/OBS_LPS_revision/script/FIG3/SMILE_ICV_std_cal/LE_SMILE_internal_noise_MPI.py", line 351, in <module>
    var = self._coords[key]
KeyError: 'run'

During handling of the above exception, another exception occurred:

Traceback (most recent call last):
  File "/work/mh0033/m301036/OBS_LPS_revision/script/FIG3/SMILE_ICV_std_cal/LE_SMILE_internal_noise_MPI.py", line 351, in <module>
    var = self._coords[key]
KeyError: 'run'

During handling of the above exception, another exception occurred:

Traceback (most recent call last):
  File "/work/mh0033/m301036/OBS_LPS_revision/script/FIG3/SMILE_ICV_std_cal/LE_SMILE_internal_noise_MPI.py", line 351, in <module>
    var = self._coords[key]
KeyError: 'run'

During handling of the above exception, another exception occurred:

Traceback (most recent call last):
  File "/work/mh0033/m301036/OBS_LPS_revision/script/FIG3/SMILE_ICV_std_cal/LE_SMILE_internal_noise_MPI.py", line 351, in <module>
    var = self._coords[key]
KeyError: 'run'

During handling of the above exception, another exception occurred:

Traceback (most recent call last):
  File "/work/mh0033/m301036/OBS_LPS_revision/script/FIG3/SMILE_ICV_std_cal/LE_SMILE_internal_noise_MPI.py", line 351, in <module>
    var = self._coords[key]
KeyError: 'run'

During handling of the above exception, another exception occurred:

Traceback (most recent call last):
  File "/work/mh0033/m301036/OBS_LPS_revision/script/FIG3/SMILE_ICV_std_cal/LE_SMILE_internal_noise_MPI.py", line 351, in <module>
    var = self._coords[key]
KeyError: 'run'

During handling of the above exception, another exception occurred:

Traceback (most recent call last):
  File "/work/mh0033/m301036/OBS_LPS_revision/script/FIG3/SMILE_ICV_std_cal/LE_SMILE_internal_noise_MPI.py", line 351, in <module>
    var = self._coords[key]
KeyError: 'run'

During handling of the above exception, another exception occurred:

Traceback (most recent call last):
  File "/work/mh0033/m301036/OBS_LPS_revision/script/FIG3/SMILE_ICV_std_cal/LE_SMILE_internal_noise_MPI.py", line 351, in <module>
    var = self._coords[key]
KeyError: 'run'

During handling of the above exception, another exception occurred:

Traceback (most recent call last):
  File "/work/mh0033/m301036/OBS_LPS_revision/script/FIG3/SMILE_ICV_std_cal/LE_SMILE_internal_noise_MPI.py", line 351, in <module>
    var = self._coords[key]
KeyError: 'run'

During handling of the above exception, another exception occurred:

Traceback (most recent call last):
  File "/work/mh0033/m301036/OBS_LPS_revision/script/FIG3/SMILE_ICV_std_cal/LE_SMILE_internal_noise_MPI.py", line 351, in <module>
    var = self._coords[key]
KeyError: 'run'

During handling of the above exception, another exception occurred:

Traceback (most recent call last):
  File "/work/mh0033/m301036/OBS_LPS_revision/script/FIG3/SMILE_ICV_std_cal/LE_SMILE_internal_noise_MPI.py", line 351, in <module>
    var = self._coords[key]
KeyError: 'run'

During handling of the above exception, another exception occurred:

Traceback (most recent call last):
  File "/work/mh0033/m301036/OBS_LPS_revision/script/FIG3/SMILE_ICV_std_cal/LE_SMILE_internal_noise_MPI.py", line 351, in <module>
    var = self._coords[key]
KeyError: 'run'

During handling of the above exception, another exception occurred:

Traceback (most recent call last):
  File "/work/mh0033/m301036/OBS_LPS_revision/script/FIG3/SMILE_ICV_std_cal/LE_SMILE_internal_noise_MPI.py", line 351, in <module>
    var = self._coords[key]
KeyError: 'run'

During handling of the above exception, another exception occurred:

Traceback (most recent call last):
  File "/work/mh0033/m301036/OBS_LPS_revision/script/FIG3/SMILE_ICV_std_cal/LE_SMILE_internal_noise_MPI.py", line 351, in <module>
    var = self._coords[key]
KeyError: 'run'

During handling of the above exception, another exception occurred:

Traceback (most recent call last):
  File "/work/mh0033/m301036/OBS_LPS_revision/script/FIG3/SMILE_ICV_std_cal/LE_SMILE_internal_noise_MPI.py", line 351, in <module>
    var = self._coords[key]
KeyError: 'run'

During handling of the above exception, another exception occurred:

Traceback (most recent call last):
  File "/work/mh0033/m301036/OBS_LPS_revision/script/FIG3/SMILE_ICV_std_cal/LE_SMILE_internal_noise_MPI.py", line 351, in <module>
    var = self._coords[key]
KeyError: 'run'

During handling of the above exception, another exception occurred:

Traceback (most recent call last):
  File "/work/mh0033/m301036/OBS_LPS_revision/script/FIG3/SMILE_ICV_std_cal/LE_SMILE_internal_noise_MPI.py", line 351, in <module>
    return self.mapping[key]
KeyError: 'run'
    noise_all = compute_noise_std_sliding(tas_resid)
  File "/work/mh0033/m301036/OBS_LPS_revision/script/FIG3/SMILE_ICV_std_cal/LE_SMILE_internal_noise_MPI.py", line 262, in compute_noise_std_sliding
    noise_all = compute_noise_std_sliding(tas_resid)
  File "/work/mh0033/m301036/OBS_LPS_revision/script/FIG3/SMILE_ICV_std_cal/LE_SMILE_internal_noise_MPI.py", line 262, in compute_noise_std_sliding
    noise_all = compute_noise_std_sliding(tas_resid)
  File "/work/mh0033/m301036/OBS_LPS_revision/script/FIG3/SMILE_ICV_std_cal/LE_SMILE_internal_noise_MPI.py", line 262, in compute_noise_std_sliding
    noise_all = compute_noise_std_sliding(tas_resid)
  File "/work/mh0033/m301036/OBS_LPS_revision/script/FIG3/SMILE_ICV_std_cal/LE_SMILE_internal_noise_MPI.py", line 262, in compute_noise_std_sliding
    noise_all = compute_noise_std_sliding(tas_resid)
  File "/work/mh0033/m301036/OBS_LPS_revision/script/FIG3/SMILE_ICV_std_cal/LE_SMILE_internal_noise_MPI.py", line 262, in compute_noise_std_sliding
    noise_all = compute_noise_std_sliding(tas_resid)
  File "/work/mh0033/m301036/OBS_LPS_revision/script/FIG3/SMILE_ICV_std_cal/LE_SMILE_internal_noise_MPI.py", line 262, in compute_noise_std_sliding
    noise_all = compute_noise_std_sliding(tas_resid)
  File "/work/mh0033/m301036/OBS_LPS_revision/script/FIG3/SMILE_ICV_std_cal/LE_SMILE_internal_noise_MPI.py", line 262, in compute_noise_std_sliding
    noise_all = compute_noise_std_sliding(tas_resid)
  File "/work/mh0033/m301036/OBS_LPS_revision/script/FIG3/SMILE_ICV_std_cal/LE_SMILE_internal_noise_MPI.py", line 262, in compute_noise_std_sliding
    noise_all = compute_noise_std_sliding(tas_resid)
  File "/work/mh0033/m301036/OBS_LPS_revision/script/FIG3/SMILE_ICV_std_cal/LE_SMILE_internal_noise_MPI.py", line 262, in compute_noise_std_sliding
    noise_all = compute_noise_std_sliding(tas_resid)
  File "/work/mh0033/m301036/OBS_LPS_revision/script/FIG3/SMILE_ICV_std_cal/LE_SMILE_internal_noise_MPI.py", line 262, in compute_noise_std_sliding
    noise_all = compute_noise_std_sliding(tas_resid)
  File "/work/mh0033/m301036/OBS_LPS_revision/script/FIG3/SMILE_ICV_std_cal/LE_SMILE_internal_noise_MPI.py", line 262, in compute_noise_std_sliding
    noise_all = compute_noise_std_sliding(tas_resid)
  File "/work/mh0033/m301036/OBS_LPS_revision/script/FIG3/SMILE_ICV_std_cal/LE_SMILE_internal_noise_MPI.py", line 262, in compute_noise_std_sliding
    noise_all = compute_noise_std_sliding(tas_resid)
  File "/work/mh0033/m301036/OBS_LPS_revision/script/FIG3/SMILE_ICV_std_cal/LE_SMILE_internal_noise_MPI.py", line 262, in compute_noise_std_sliding
    noise_all = compute_noise_std_sliding(tas_resid)
  File "/work/mh0033/m301036/OBS_LPS_revision/script/FIG3/SMILE_ICV_std_cal/LE_SMILE_internal_noise_MPI.py", line 262, in compute_noise_std_sliding
    noise_all = compute_noise_std_sliding(tas_resid)
  File "/work/mh0033/m301036/OBS_LPS_revision/script/FIG3/SMILE_ICV_std_cal/LE_SMILE_internal_noise_MPI.py", line 262, in compute_noise_std_sliding
    noise_all = compute_noise_std_sliding(tas_resid)
  File "/work/mh0033/m301036/OBS_LPS_revision/script/FIG3/SMILE_ICV_std_cal/LE_SMILE_internal_noise_MPI.py", line 262, in compute_noise_std_sliding
    noise_all = compute_noise_std_sliding(tas_resid)
  File "/work/mh0033/m301036/OBS_LPS_revision/script/FIG3/SMILE_ICV_std_cal/LE_SMILE_internal_noise_MPI.py", line 262, in compute_noise_std_sliding
    noise_all = compute_noise_std_sliding(tas_resid)
  File "/work/mh0033/m301036/OBS_LPS_revision/script/FIG3/SMILE_ICV_std_cal/LE_SMILE_internal_noise_MPI.py", line 262, in compute_noise_std_sliding
    all_runs = da["run"].values
  File "/home/m/m301036/.conda/envs/mykernel/lib/python3.9/site-packages/xarray/core/dataarray.py", line 825, in __getitem__
    noise_all = compute_noise_std_sliding(tas_resid)
  File "/work/mh0033/m301036/OBS_LPS_revision/script/FIG3/SMILE_ICV_std_cal/LE_SMILE_internal_noise_MPI.py", line 262, in compute_noise_std_sliding
    all_runs = da["run"].values
  File "/home/m/m301036/.conda/envs/mykernel/lib/python3.9/site-packages/xarray/core/dataarray.py", line 825, in __getitem__
    all_runs = da["run"].values
  File "/home/m/m301036/.conda/envs/mykernel/lib/python3.9/site-packages/xarray/core/dataarray.py", line 825, in __getitem__
    all_runs = da["run"].values
  File "/home/m/m301036/.conda/envs/mykernel/lib/python3.9/site-packages/xarray/core/dataarray.py", line 825, in __getitem__
    all_runs = da["run"].values
  File "/home/m/m301036/.conda/envs/mykernel/lib/python3.9/site-packages/xarray/core/dataarray.py", line 825, in __getitem__
    all_runs = da["run"].values
  File "/home/m/m301036/.conda/envs/mykernel/lib/python3.9/site-packages/xarray/core/dataarray.py", line 825, in __getitem__
    all_runs = da["run"].values
  File "/home/m/m301036/.conda/envs/mykernel/lib/python3.9/site-packages/xarray/core/dataarray.py", line 825, in __getitem__
    all_runs = da["run"].values
  File "/home/m/m301036/.conda/envs/mykernel/lib/python3.9/site-packages/xarray/core/dataarray.py", line 825, in __getitem__
    all_runs = da["run"].values
  File "/home/m/m301036/.conda/envs/mykernel/lib/python3.9/site-packages/xarray/core/dataarray.py", line 825, in __getitem__
    all_runs = da["run"].values
  File "/home/m/m301036/.conda/envs/mykernel/lib/python3.9/site-packages/xarray/core/dataarray.py", line 825, in __getitem__
    all_runs = da["run"].values
  File "/home/m/m301036/.conda/envs/mykernel/lib/python3.9/site-packages/xarray/core/dataarray.py", line 825, in __getitem__
    all_runs = da["run"].values
  File "/home/m/m301036/.conda/envs/mykernel/lib/python3.9/site-packages/xarray/core/dataarray.py", line 825, in __getitem__
    all_runs = da["run"].values
  File "/home/m/m301036/.conda/envs/mykernel/lib/python3.9/site-packages/xarray/core/dataarray.py", line 825, in __getitem__
    all_runs = da["run"].values
  File "/home/m/m301036/.conda/envs/mykernel/lib/python3.9/site-packages/xarray/core/dataarray.py", line 825, in __getitem__
    all_runs = da["run"].values
  File "/home/m/m301036/.conda/envs/mykernel/lib/python3.9/site-packages/xarray/core/dataarray.py", line 825, in __getitem__
    all_runs = da["run"].values
  File "/home/m/m301036/.conda/envs/mykernel/lib/python3.9/site-packages/xarray/core/dataarray.py", line 825, in __getitem__
    all_runs = da["run"].values
  File "/home/m/m301036/.conda/envs/mykernel/lib/python3.9/site-packages/xarray/core/dataarray.py", line 825, in __getitem__
    all_runs = da["run"].values
  File "/home/m/m301036/.conda/envs/mykernel/lib/python3.9/site-packages/xarray/core/dataarray.py", line 825, in __getitem__
    all_runs = da["run"].values
  File "/home/m/m301036/.conda/envs/mykernel/lib/python3.9/site-packages/xarray/core/dataarray.py", line 825, in __getitem__
    return self._getitem_coord(key)
  File "/home/m/m301036/.conda/envs/mykernel/lib/python3.9/site-packages/xarray/core/dataarray.py", line 819, in _getitem_coord
    return self._getitem_coord(key)
  File "/home/m/m301036/.conda/envs/mykernel/lib/python3.9/site-packages/xarray/core/dataarray.py", line 819, in _getitem_coord
    return self._getitem_coord(key)
  File "/home/m/m301036/.conda/envs/mykernel/lib/python3.9/site-packages/xarray/core/dataarray.py", line 819, in _getitem_coord
    return self._getitem_coord(key)
  File "/home/m/m301036/.conda/envs/mykernel/lib/python3.9/site-packages/xarray/core/dataarray.py", line 819, in _getitem_coord
    return self._getitem_coord(key)
  File "/home/m/m301036/.conda/envs/mykernel/lib/python3.9/site-packages/xarray/core/dataarray.py", line 819, in _getitem_coord
    return self._getitem_coord(key)
  File "/home/m/m301036/.conda/envs/mykernel/lib/python3.9/site-packages/xarray/core/dataarray.py", line 819, in _getitem_coord
    return self._getitem_coord(key)
  File "/home/m/m301036/.conda/envs/mykernel/lib/python3.9/site-packages/xarray/core/dataarray.py", line 819, in _getitem_coord
    return self._getitem_coord(key)
  File "/home/m/m301036/.conda/envs/mykernel/lib/python3.9/site-packages/xarray/core/dataarray.py", line 819, in _getitem_coord
    return self._getitem_coord(key)
  File "/home/m/m301036/.conda/envs/mykernel/lib/python3.9/site-packages/xarray/core/dataarray.py", line 819, in _getitem_coord
    return self._getitem_coord(key)
  File "/home/m/m301036/.conda/envs/mykernel/lib/python3.9/site-packages/xarray/core/dataarray.py", line 819, in _getitem_coord
    return self._getitem_coord(key)
  File "/home/m/m301036/.conda/envs/mykernel/lib/python3.9/site-packages/xarray/core/dataarray.py", line 819, in _getitem_coord
    return self._getitem_coord(key)
  File "/home/m/m301036/.conda/envs/mykernel/lib/python3.9/site-packages/xarray/core/dataarray.py", line 819, in _getitem_coord
    return self._getitem_coord(key)
  File "/home/m/m301036/.conda/envs/mykernel/lib/python3.9/site-packages/xarray/core/dataarray.py", line 819, in _getitem_coord
    return self._getitem_coord(key)
  File "/home/m/m301036/.conda/envs/mykernel/lib/python3.9/site-packages/xarray/core/dataarray.py", line 819, in _getitem_coord
    return self._getitem_coord(key)
  File "/home/m/m301036/.conda/envs/mykernel/lib/python3.9/site-packages/xarray/core/dataarray.py", line 819, in _getitem_coord
    return self._getitem_coord(key)
  File "/home/m/m301036/.conda/envs/mykernel/lib/python3.9/site-packages/xarray/core/dataarray.py", line 819, in _getitem_coord
    return self._getitem_coord(key)
  File "/home/m/m301036/.conda/envs/mykernel/lib/python3.9/site-packages/xarray/core/dataarray.py", line 819, in _getitem_coord
    return self._getitem_coord(key)
  File "/home/m/m301036/.conda/envs/mykernel/lib/python3.9/site-packages/xarray/core/dataarray.py", line 819, in _getitem_coord
    return self._getitem_coord(key)
  File "/home/m/m301036/.conda/envs/mykernel/lib/python3.9/site-packages/xarray/core/dataarray.py", line 819, in _getitem_coord
    _, key, var = _get_virtual_variable(self._coords, key, dim_sizes)
  File "/home/m/m301036/.conda/envs/mykernel/lib/python3.9/site-packages/xarray/core/dataset.py", line 186, in _get_virtual_variable
    _, key, var = _get_virtual_variable(self._coords, key, dim_sizes)
  File "/home/m/m301036/.conda/envs/mykernel/lib/python3.9/site-packages/xarray/core/dataset.py", line 186, in _get_virtual_variable
    _, key, var = _get_virtual_variable(self._coords, key, dim_sizes)
  File "/home/m/m301036/.conda/envs/mykernel/lib/python3.9/site-packages/xarray/core/dataset.py", line 186, in _get_virtual_variable
    _, key, var = _get_virtual_variable(self._coords, key, dim_sizes)
  File "/home/m/m301036/.conda/envs/mykernel/lib/python3.9/site-packages/xarray/core/dataset.py", line 186, in _get_virtual_variable
    _, key, var = _get_virtual_variable(self._coords, key, dim_sizes)
  File "/home/m/m301036/.conda/envs/mykernel/lib/python3.9/site-packages/xarray/core/dataset.py", line 186, in _get_virtual_variable
    _, key, var = _get_virtual_variable(self._coords, key, dim_sizes)
  File "/home/m/m301036/.conda/envs/mykernel/lib/python3.9/site-packages/xarray/core/dataset.py", line 186, in _get_virtual_variable
    _, key, var = _get_virtual_variable(self._coords, key, dim_sizes)
  File "/home/m/m301036/.conda/envs/mykernel/lib/python3.9/site-packages/xarray/core/dataset.py", line 186, in _get_virtual_variable
    _, key, var = _get_virtual_variable(self._coords, key, dim_sizes)
  File "/home/m/m301036/.conda/envs/mykernel/lib/python3.9/site-packages/xarray/core/dataset.py", line 186, in _get_virtual_variable
    _, key, var = _get_virtual_variable(self._coords, key, dim_sizes)
  File "/home/m/m301036/.conda/envs/mykernel/lib/python3.9/site-packages/xarray/core/dataset.py", line 186, in _get_virtual_variable
    _, key, var = _get_virtual_variable(self._coords, key, dim_sizes)
  File "/home/m/m301036/.conda/envs/mykernel/lib/python3.9/site-packages/xarray/core/dataset.py", line 186, in _get_virtual_variable
    _, key, var = _get_virtual_variable(self._coords, key, dim_sizes)
  File "/home/m/m301036/.conda/envs/mykernel/lib/python3.9/site-packages/xarray/core/dataset.py", line 186, in _get_virtual_variable
    _, key, var = _get_virtual_variable(self._coords, key, dim_sizes)
  File "/home/m/m301036/.conda/envs/mykernel/lib/python3.9/site-packages/xarray/core/dataset.py", line 186, in _get_virtual_variable
    _, key, var = _get_virtual_variable(self._coords, key, dim_sizes)
  File "/home/m/m301036/.conda/envs/mykernel/lib/python3.9/site-packages/xarray/core/dataset.py", line 186, in _get_virtual_variable
    _, key, var = _get_virtual_variable(self._coords, key, dim_sizes)
  File "/home/m/m301036/.conda/envs/mykernel/lib/python3.9/site-packages/xarray/core/dataset.py", line 186, in _get_virtual_variable
    _, key, var = _get_virtual_variable(self._coords, key, dim_sizes)
  File "/home/m/m301036/.conda/envs/mykernel/lib/python3.9/site-packages/xarray/core/dataset.py", line 186, in _get_virtual_variable
    _, key, var = _get_virtual_variable(self._coords, key, dim_sizes)
  File "/home/m/m301036/.conda/envs/mykernel/lib/python3.9/site-packages/xarray/core/dataset.py", line 186, in _get_virtual_variable
    _, key, var = _get_virtual_variable(self._coords, key, dim_sizes)
  File "/home/m/m301036/.conda/envs/mykernel/lib/python3.9/site-packages/xarray/core/dataset.py", line 186, in _get_virtual_variable
    _, key, var = _get_virtual_variable(self._coords, key, dim_sizes)
  File "/home/m/m301036/.conda/envs/mykernel/lib/python3.9/site-packages/xarray/core/dataset.py", line 186, in _get_virtual_variable
    _, key, var = _get_virtual_variable(self._coords, key, dim_sizes)
  File "/home/m/m301036/.conda/envs/mykernel/lib/python3.9/site-packages/xarray/core/dataset.py", line 186, in _get_virtual_variable
    raise KeyError(key)
KeyError: 'run'
    raise KeyError(key)
KeyError: 'run'
    raise KeyError(key)
KeyError: 'run'
    raise KeyError(key)
KeyError: 'run'
    raise KeyError(key)
KeyError: 'run'
    raise KeyError(key)
KeyError: 'run'
    raise KeyError(key)
KeyError: 'run'
    raise KeyError(key)
KeyError: 'run'
    raise KeyError(key)
KeyError: 'run'
    raise KeyError(key)
KeyError: 'run'
    raise KeyError(key)
KeyError: 'run'
    raise KeyError(key)
KeyError: 'run'
    raise KeyError(key)
KeyError: 'run'
    raise KeyError(key)
KeyError: 'run'
    raise KeyError(key)
KeyError: 'run'
    raise KeyError(key)
KeyError: 'run'
    raise KeyError(key)
KeyError: 'run'
    raise KeyError(key)
KeyError: 'run'
    raise KeyError(key)
KeyError: 'run'
