/home/m/m301036/.conda/envs/mykernel/lib/python3.9/site-packages/distributed/client.py:3149: UserWarning: Sending large graph of size 19.50 MiB.
This may cause some slowdown.
Consider scattering data ahead of time and using futures.
  warnings.warn(
2026-01-08 11:27:05,392 - distributed.batched - ERROR - Error in batched write
Traceback (most recent call last):
  File "/home/m/m301036/.conda/envs/mykernel/lib/python3.9/site-packages/distributed/batched.py", line 115, in _background_send
    nbytes = yield coro
  File "/home/m/m301036/.conda/envs/mykernel/lib/python3.9/site-packages/tornado/gen.py", line 766, in run
    value = future.result()
  File "/home/m/m301036/.conda/envs/mykernel/lib/python3.9/site-packages/distributed/comm/tcp.py", line 270, in write
    frames = await to_frames(
  File "/home/m/m301036/.conda/envs/mykernel/lib/python3.9/site-packages/distributed/comm/utils.py", line 70, in to_frames
    return await offload(_to_frames)
  File "/home/m/m301036/.conda/envs/mykernel/lib/python3.9/site-packages/distributed/utils.py", line 1512, in run_in_executor_with_context
    return await loop.run_in_executor(
  File "/home/m/m301036/.conda/envs/mykernel/lib/python3.9/asyncio/base_events.py", line 819, in run_in_executor
    executor.submit(func, *args), loop=self)
  File "/home/m/m301036/.conda/envs/mykernel/lib/python3.9/concurrent/futures/thread.py", line 167, in submit
    raise RuntimeError('cannot schedule new futures after shutdown')
RuntimeError: cannot schedule new futures after shutdown
